fact(0) = 1
fact(1) = 1
fact(5) = 120
fact(12) = 479001600
