*
**
***
****
*****
******
*******
*000000*
**00000**
***0000***
****000****
*****00*****
******0******
**************
*000000*000000*
**00000**00000**
***0000***0000***
****000****000****
*****00*****00*****
******0******0******
*********************
*000000*000000*000000*
**00000**00000**00000**
***0000***0000***0000***
****000****000****000****
*****00*****00*****00*****
******0******0******0******
****************************
*000000*000000*000000*000000*
**00000**00000**00000**00000**
***0000***0000***0000***0000***
****000****000****000****000****
*****00*****00*****00*****00*****
******0******0******0******0******
***********************************
*000000*000000*000000*000000*000000*
**00000**00000**00000**00000**00000**
***0000***0000***0000***0000***0000***
****000****000****000****000****000****
*****00*****00*****00*****00*****00*****
******0******0******0******0******0******
******************************************
